<area shape="rect" href="decomposestrf.html" title="decomposestrf" alt="" coords="15,102,156,150">
<area shape="rect" href="noise_estimation.html" title="noise_estimation" alt="" coords="5,198,165,246">
<area shape="rect" href="gabor_srf_model.html" title="gabor_srf_model" alt="" coords="1183,102,1343,150">
<area shape="rect" href="srf_gabor_fun.html" title="srf_gabor_fun" alt="" coords="1121,198,1260,246">
<area shape="rect" href="gabor_strf.html" title="gabor_strf" alt="" coords="619,6,728,54">
<area shape="rect" href="mse.html" title="mse" alt="" coords="180,102,252,150">
<area shape="rect" href="reassemble_actual_strf.html" title="reassemble_actual_strf" alt="" coords="276,102,481,150">
<area shape="rect" href="reassemble_strf.html" title="reassemble_strf" alt="" coords="505,102,657,150">
<area shape="rect" href="seperability_index.html" title="seperability_index" alt="" coords="681,102,852,150">
<area shape="rect" href="sfitstrf.html" title="sfitstrf" alt="" coords="876,102,959,150">
<area shape="rect" href="sii.html" title="sii" alt="" coords="983,102,1055,150">
<area shape="rect" href="tfitstrf.html" title="tfitstrf" alt="" coords="1079,102,1159,150">
<area shape="rect" href="gabor_strf_batch.html" title="gabor_strf_batch" alt="" coords="1431,6,1591,54">
<area shape="rect" href="setparams.html" title="setparams" alt="" coords="1548,102,1657,150">
<area shape="rect" href="gabor_trf_model.html" title="gabor_trf_model" alt="" coords="1367,102,1524,150">
<area shape="rect" href="trf_gabor_fun.html" title="trf_gabor_fun" alt="" coords="1377,198,1513,246">
<area shape="rect" href="plot_strf_models.html" title="plot_strf_models" alt="" coords="1615,6,1775,54">
<area shape="rect" href="asymmetry.html" title="asymmetry" alt="" coords="1799,6,1913,54">
<area shape="rect" href="gabor_strf_earlab.html" title="gabor_strf_earlab" alt="" coords="1937,6,2103,54">
<area shape="rect" href="generate_html_docs.html" title="generate_html_docs" alt="" coords="2127,6,2311,54">
<area shape="rect" href="si.html" title="si" alt="" coords="2335,6,2407,54">
<area shape="rect" href="skew.html" title="skew" alt="" coords="2431,6,2503,54">
<area shape="rect" href="timewarp.html" title="timewarp" alt="" coords="2527,6,2631,54">
